// Jest Snapshot v1, https://goo.gl/fbAQLP

exports[`Pruebas en <Header /> debe coincidir con el snapshot 1`] = `
<div>
  <header
    class="header"
  >
    <div
      class="container"
    >
      <div
        class="header__logo"
      >
        <img
          alt="Gif icon"
          src="/gif-gradient.svg"
        />
        <h1>
          GifExpertApp
        </h1>
      </div>
    </div>
  </header>
</div>
`;
